<?xml version="1.0" encoding="utf-8"?><testsuites><testsuite name="pytest" errors="0" failures="0" skipped="0" tests="7" time="24.762" timestamp="2024-06-22T03:45:30.462417" hostname="codespaces-3d16e2"><testcase classname="tests.test_translator.TranslatorTest" name="test_format_metric" time="0.938" /><testcase classname="tests.test_translator.TranslatorTest" name="test_format_non_existing_metric" time="0.924" /><testcase classname="tests.test_translator.TranslatorTest" name="test_format_trap" time="1.107" /><testcase classname="tests.test_translator.TranslatorTest" name="test_format_trap_invalid_input" time="1.751" /><testcase classname="tests.test_translator.TranslatorTest" name="test_format_trap_non_existing_oid" time="1.678" /><testcase classname="tests.test_translator.TranslatorTest" name="test_more_mib_files" time="1.667" /><testcase classname="tests.test_translator.TranslatorTest" name="test_translate_all_snmp_simulator_data_types" time="2.184" /></testsuite></testsuites>